     0,                  Time [s],                         $Time\ [s]$
     1,               delta Syn 1,                    $\delta\ Syn\ 1$
     2,               delta Syn 2,                    $\delta\ Syn\ 2$
     3,               delta Syn 3,                    $\delta\ Syn\ 3$
     4,               delta Syn 4,                    $\delta\ Syn\ 4$
     5,               delta Syn 5,                    $\delta\ Syn\ 5$
     6,               omega Syn 1,                    $\omega\ Syn\ 1$
     7,               omega Syn 2,                    $\omega\ Syn\ 2$
     8,               omega Syn 3,                    $\omega\ Syn\ 3$
     9,               omega Syn 4,                    $\omega\ Syn\ 4$
    10,               omega Syn 5,                    $\omega\ Syn\ 5$
    11,                 e1d Syn 1,                      $e'_d\ Syn\ 1$
    12,                 e1d Syn 2,                      $e'_d\ Syn\ 2$
    13,                 e1d Syn 3,                      $e'_d\ Syn\ 3$
    14,                 e1d Syn 4,                      $e'_d\ Syn\ 4$
    15,                 e1d Syn 5,                      $e'_d\ Syn\ 5$
    16,                 e1q Syn 1,                      $e'_q\ Syn\ 1$
    17,                 e1q Syn 2,                      $e'_q\ Syn\ 2$
    18,                 e1q Syn 3,                      $e'_q\ Syn\ 3$
    19,                 e1q Syn 4,                      $e'_q\ Syn\ 4$
    20,                 e1q Syn 5,                      $e'_q\ Syn\ 5$
    21,                 e2d Syn 1,                     $e''_d\ Syn\ 1$
    22,                 e2d Syn 2,                     $e''_d\ Syn\ 2$
    23,                 e2d Syn 3,                     $e''_d\ Syn\ 3$
    24,                 e2d Syn 4,                     $e''_d\ Syn\ 4$
    25,                 e2d Syn 5,                     $e''_d\ Syn\ 5$
    26,                 e2q Syn 1,                     $e''_q\ Syn\ 1$
    27,                 e2q Syn 2,                     $e''_q\ Syn\ 2$
    28,                 e2q Syn 3,                     $e''_q\ Syn\ 3$
    29,                 e2q Syn 4,                     $e''_q\ Syn\ 4$
    30,                 e2q Syn 5,                     $e''_q\ Syn\ 5$
    31,                   p Syn 1,                         $P\ Syn\ 1$
    32,                   p Syn 2,                         $P\ Syn\ 2$
    33,                   p Syn 3,                         $P\ Syn\ 3$
    34,                   p Syn 4,                         $P\ Syn\ 4$
    35,                   p Syn 5,                         $P\ Syn\ 5$
    36,                   q Syn 1,                         $Q\ Syn\ 1$
    37,                   q Syn 2,                         $Q\ Syn\ 2$
    38,                   q Syn 3,                         $Q\ Syn\ 3$
    39,                   q Syn 4,                         $Q\ Syn\ 4$
    40,                   q Syn 5,                         $Q\ Syn\ 5$
    41,                  pm Syn 1,                       $P_m\ Syn\ 1$
    42,                  pm Syn 2,                       $P_m\ Syn\ 2$
    43,                  pm Syn 3,                       $P_m\ Syn\ 3$
    44,                  pm Syn 4,                       $P_m\ Syn\ 4$
    45,                  pm Syn 5,                       $P_m\ Syn\ 5$
    46,                  vf Syn 1,                       $V_f\ Syn\ 1$
    47,                  vf Syn 2,                       $V_f\ Syn\ 2$
    48,                  vf Syn 3,                       $V_f\ Syn\ 3$
    49,                  vf Syn 4,                       $V_f\ Syn\ 4$
    50,                  vf Syn 5,                       $V_f\ Syn\ 5$
    51,                  Id Syn 1,                       $I_d\ Syn\ 1$
    52,                  Id Syn 2,                       $I_d\ Syn\ 2$
    53,                  Id Syn 3,                       $I_d\ Syn\ 3$
    54,                  Id Syn 4,                       $I_d\ Syn\ 4$
    55,                  Id Syn 5,                       $I_d\ Syn\ 5$
    56,                  Iq Syn 1,                       $I_q\ Syn\ 1$
    57,                  Iq Syn 2,                       $I_q\ Syn\ 2$
    58,                  Iq Syn 3,                       $I_q\ Syn\ 3$
    59,                  Iq Syn 4,                       $I_q\ Syn\ 4$
    60,                  Iq Syn 5,                       $I_q\ Syn\ 5$
    61,                  vd Syn 1,                       $V_d\ Syn\ 1$
    62,                  vd Syn 2,                       $V_d\ Syn\ 2$
    63,                  vd Syn 3,                       $V_d\ Syn\ 3$
    64,                  vd Syn 4,                       $V_d\ Syn\ 4$
    65,                  vd Syn 5,                       $V_d\ Syn\ 5$
    66,                  vq Syn 1,                       $V_q\ Syn\ 1$
    67,                  vq Syn 2,                       $V_q\ Syn\ 2$
    68,                  vq Syn 3,                       $V_q\ Syn\ 3$
    69,                  vq Syn 4,                       $V_q\ Syn\ 4$
    70,                  vq Syn 5,                       $V_q\ Syn\ 5$
    71,                psid Syn 1,                    $\psi_d\ Syn\ 1$
    72,                psid Syn 2,                    $\psi_d\ Syn\ 2$
    73,                psid Syn 3,                    $\psi_d\ Syn\ 3$
    74,                psid Syn 4,                    $\psi_d\ Syn\ 4$
    75,                psid Syn 5,                    $\psi_d\ Syn\ 5$
    76,                psiq Syn 1,                    $\psi_q\ Syn\ 1$
    77,                psiq Syn 2,                    $\psi_q\ Syn\ 2$
    78,                psiq Syn 3,                    $\psi_q\ Syn\ 3$
    79,                psiq Syn 4,                    $\psi_q\ Syn\ 4$
    80,                psiq Syn 5,                    $\psi_q\ Syn\ 5$
